
> start-react@0.1.0 test
> react-scripts test

FAIL src/App.test.js
  ΓùÅ Test suite failed to run

    Cannot find module 'react-router-dom' from 'src/App.jsx'

    Require stack:
      src/App.jsx
      src/App.test.js

      1 | import React from "react";
    > 2 | import { createBrowserRouter, RouterProvider } from "react-router-dom";
        | ^
      3 | import Layout from "./component/Layout/Layout";
      4 | import Home from "./component/Home/Home";
      5 | import Portfolio from "./component/Portfolio/Portfolio";

      at Resolver.resolveModule (node_modules/jest-resolve/build/resolver.js:324:11)
      at Object.<anonymous> (src/App.jsx:2:1)

Test Suites: 1 failed, 1 total
Tests:       0 total
Snapshots:   0 total
Time:        1.426 s
Ran all test suites.
